

doing a inliune search:
unifiedodsentitypicker.js:1256 Uncaught TypeError: Cannot read properties of undefined (reading 'search')
    at Alt.UnifiedDataSearch.Widgets.UnifiedOdsEntityPicker.performInlineSearch (unifiedodsentitypicker.js:1256:24)
    at Object.lc (unifiedodsentitypicker.js:1204:18)
    at c.notifySubscribers (knockout-3.5.1.js:38:453)
    at knockout-3.5.1.js:39:256
    at knockout-3.5.1.js:7:468


